// Jest Snapshot v1, https://goo.gl/fbAQLP

exports[`App should match snapshot 1`] = `
<styled.div>
  <MobileHeader
    navConfig={
      [
        {
          "label": "Home",
          "linkTo": "/",
        },
        {
          "label": "Books",
          "linkTo": "/recommended-books",
        },
        {
          "label": "Trading",
          "linkTo": "/my-trading-card-worth",
        },
        {
          "label": "Pong",
          "linkTo": "/pong",
        },
        {
          "label": "T T T",
          "linkTo": "/tic-tac-toe",
        },
      ]
    }
  />
  <Sidebar
    navConfig={
      [
        {
          "label": "Home",
          "linkTo": "/",
        },
        {
          "label": "Books",
          "linkTo": "/recommended-books",
        },
        {
          "label": "Trading",
          "linkTo": "/my-trading-card-worth",
        },
        {
          "label": "Pong",
          "linkTo": "/pong",
        },
        {
          "label": "T T T",
          "linkTo": "/tic-tac-toe",
        },
      ]
    }
  />
  <styled.main>
    AnyLayout
  </styled.main>
</styled.div>
`;
